{
  "status": "PASS",
  "actual_weight_vectors": 1034,
  "author_grid_vectors": 1024,
  "independent_simplex_histogram_matches": 1034,
  "structural_arrow_pairs_checked": 2068,
  "author_grid_endpoint_crossings": 1024,
  "author_grid_largest_interior_atom": "141704/494527",
  "author_grid_largest_atom_location": [
    [
      4,
      1,
      1,
      1,
      4,
      1,
      5
    ],
    4
  ],
  "exact_beta_integral_formula_and_bound_checks": 433524,
  "conditional_positive_mixture_checks": 324,
  "checks_use_assert": false,
  "scope": "Finite implementation audit only; infinite theorem independently audited in AUDIT.md."
}
