{
  "m": 54,
  "r": 13,
  "h": 50,
  "t": 8,
  "n": 72,
  "E": 137477769300297,
  "K": [
    91743653083395,
    117303434549811,
    45491483154535,
    97129099799325,
    106960274991892
  ],
  "probabilities": [
    "1054524748085/1580204244831",
    "449438446551/526734748277",
    "1568671832915/4740612734493",
    "372142144825/526734748277",
    "3688285344548/4740612734493"
  ],
  "majority_slacks": [
    275420649591,
    76954765048839,
    16431760797381,
    45925286375082
  ],
  "minority_slack": 1003319836692,
  "coupling_identity": 0,
  "K_c1y": 79885668970800,
  "rows": [
    {
      "i": 0,
      "j": 0,
      "suffix_weight": 71,
      "raw_total": 576894102842,
      "raw_ay": 508685032626,
      "raw_by": 440475962410,
      "total": 40959481301782,
      "ay": 36116637316446,
      "by": 31273793331110
    },
    {
      "i": 0,
      "j": 1,
      "suffix_weight": 70,
      "raw_total": 68209070216,
      "raw_ay": 0,
      "raw_by": 0,
      "total": 4774634915120,
      "ay": 0,
      "by": 0
    },
    {
      "i": 1,
      "j": 0,
      "suffix_weight": 70,
      "raw_total": 508685032626,
      "raw_ay": 508685032626,
      "raw_by": 440475962410,
      "total": 35607952283820,
      "ay": 35607952283820,
      "by": 30833317368700
    },
    {
      "i": 1,
      "j": 1,
      "suffix_weight": 69,
      "raw_total": 136418140432,
      "raw_ay": 68209070216,
      "raw_by": 0,
      "total": 9412851689808,
      "ay": 4706425844904,
      "by": 0
    },
    {
      "i": 1,
      "j": 2,
      "suffix_weight": 68,
      "raw_total": 16282110572,
      "raw_ay": 8141055286,
      "raw_by": 0,
      "total": 1107183518896,
      "ay": 553591759448,
      "by": 0
    },
    {
      "i": 1,
      "j": 3,
      "suffix_weight": 67,
      "raw_total": 1694998032,
      "raw_ay": 847499016,
      "raw_by": 0,
      "total": 113564868144,
      "ay": 56782434072,
      "by": 0
    },
    {
      "i": 1,
      "j": 4,
      "suffix_weight": 66,
      "raw_total": 149674252,
      "raw_ay": 74837126,
      "raw_by": 0,
      "total": 9878500632,
      "ay": 4939250316,
      "by": 0
    },
    {
      "i": 1,
      "j": 5,
      "suffix_weight": 65,
      "raw_total": 10766000,
      "raw_ay": 5383000,
      "raw_by": 0,
      "total": 699790000,
      "ay": 349895000,
      "by": 0
    },
    {
      "i": 1,
      "j": 6,
      "suffix_weight": 64,
      "raw_total": 591570,
      "raw_ay": 295785,
      "raw_by": 0,
      "total": 37860480,
      "ay": 18930240,
      "by": 0
    },
    {
      "i": 1,
      "j": 7,
      "suffix_weight": 63,
      "raw_total": 22080,
      "raw_ay": 11040,
      "raw_by": 0,
      "total": 1391040,
      "ay": 695520,
      "by": 0
    },
    {
      "i": 1,
      "j": 8,
      "suffix_weight": 62,
      "raw_total": 420,
      "raw_ay": 210,
      "raw_by": 0,
      "total": 26040,
      "ay": 13020,
      "by": 0
    },
    {
      "i": 2,
      "j": 0,
      "suffix_weight": 69,
      "raw_total": 440475962410,
      "raw_ay": 440475962410,
      "raw_by": 440475962410,
      "total": 30392841406290,
      "ay": 30392841406290,
      "by": 30392841406290
    },
    {
      "i": 2,
      "j": 1,
      "suffix_weight": 68,
      "raw_total": 180204044790,
      "raw_ay": 120136029860,
      "raw_by": 60068014930,
      "total": 12253875045720,
      "ay": 8169250030480,
      "by": 4084625015240
    },
    {
      "i": 2,
      "j": 2,
      "suffix_weight": 67,
      "raw_total": 36467781350,
      "raw_ay": 21880668810,
      "raw_by": 7293556270,
      "total": 2443341350450,
      "ay": 1466004810270,
      "by": 488668270090
    },
    {
      "i": 2,
      "j": 3,
      "suffix_weight": 66,
      "raw_total": 5408633230,
      "raw_ay": 3090647560,
      "raw_by": 772661890,
      "total": 356969793180,
      "ay": 203982738960,
      "by": 50995684740
    },
    {
      "i": 2,
      "j": 4,
      "suffix_weight": 65,
      "raw_total": 625087134,
      "raw_ay": 347270630,
      "raw_by": 69454126,
      "total": 40630663710,
      "ay": 22572590950,
      "by": 4514518190
    },
    {
      "i": 2,
      "j": 5,
      "suffix_weight": 64,
      "raw_total": 55959365,
      "raw_ay": 30523290,
      "raw_by": 5087215,
      "total": 3581399360,
      "ay": 1953490560,
      "by": 325581760
    },
    {
      "i": 2,
      "j": 6,
      "suffix_weight": 63,
      "raw_total": 3701685,
      "raw_ay": 1993215,
      "raw_by": 284745,
      "total": 233206155,
      "ay": 125572545,
      "by": 17938935
    },
    {
      "i": 2,
      "j": 7,
      "suffix_weight": 62,
      "raw_total": 162450,
      "raw_ay": 86640,
      "raw_by": 10830,
      "total": 10071900,
      "ay": 5371680,
      "by": 671460
    },
    {
      "i": 2,
      "j": 8,
      "suffix_weight": 61,
      "raw_total": 3570,
      "raw_ay": 1890,
      "raw_by": 210,
      "total": 217770,
      "ay": 115290,
      "by": 12810
    }
  ]
}
