AUDIT.md: OK
audit_manifest.json: OK
author_rerun/README.md: OK
author_rerun/analyze.py: OK
author_rerun/analyzed.json: OK
author_rerun/audit_completions.py: OK
author_rerun/candidates.json: OK
author_rerun/certify.log: OK
author_rerun/certify.py: OK
author_rerun/certify_rerun.log: OK
author_rerun/completion_audit.json: OK
author_rerun/exact_templates.json: OK
author_rerun/find_negative.py: OK
author_rerun/genuine_vertex_negative.json: OK
author_rerun/search.log: OK
author_rerun/search.py: OK
author_rerun/search_rerun.log: OK
author_snapshot/README.md: OK
author_snapshot/analyze.py: OK
author_snapshot/analyzed.json: OK
author_snapshot/audit_completions.py: OK
author_snapshot/candidates.json: OK
author_snapshot/certify.log: OK
author_snapshot/certify.py: OK
author_snapshot/completion_audit.json: OK
author_snapshot/exact_templates.json: OK
author_snapshot/find_negative.py: OK
author_snapshot/genuine_vertex_negative.json: OK
author_snapshot/search.log: OK
author_snapshot/search.py: OK
independent_checks.json: OK
independent_checks.log: OK
independent_checks.py: OK
independent_checks_optimized.json: OK
independent_checks_optimized.log: OK
search_checks.json: OK
search_checks.log: OK
search_checks.py: OK
