{
  "status": "VERIFIED: L REFUTED; MC3 NOT REFUTED",
  "n": 73,
  "width": 3,
  "minima": [
    "a",
    "x",
    "y"
  ],
  "avoidance_B": [
    "a",
    "b"
  ],
  "E": 14395164266463908,
  "K": [
    9750632308747096,
    11262772937084132,
    4796894339975628,
    8130381607704356,
    9604711718385252
  ],
  "margins": [
    {
      "pair": "a<x",
      "K": 9750632308747096,
      "fraction": "338/499",
      "decimal": "0.677354709418838",
      "3K_minus_2E": 461568393313472,
      "3K_minus_E": 14856732659777380
    },
    {
      "pair": "a<y",
      "K": 11262772937084132,
      "fraction": "40213/51397",
      "decimal": "0.782399750958227",
      "3K_minus_2E": 4997990278324580,
      "3K_minus_E": 19393154544788488
    },
    {
      "pair": "b<x",
      "K": 4796894339975628,
      "fraction": "17127/51397",
      "decimal": "0.333229565927972",
      "3K_minus_2E": -14399645513000932,
      "3K_minus_E": -4481246537024
    },
    {
      "pair": "b<y",
      "K": 8130381607704356,
      "fraction": "29029/51397",
      "decimal": "0.564799501916454",
      "3K_minus_2E": -4399183709814748,
      "3K_minus_E": 9995980556649160
    },
    {
      "pair": "x<y",
      "K": 9604711718385252,
      "fraction": "34293/51397",
      "decimal": "0.667217931007646",
      "3K_minus_2E": 23806622227940,
      "3K_minus_E": 14418970888691848
    }
  ],
  "ideal_states": 962,
  "pair_ideal_states": [
    960,
    960,
    943,
    942,
    957
  ],
  "chain_prefix_states": 962,
  "independent_methods_agree": true,
  "source_certificate_matches": true
}
