{
  "status": "PASS",
  "natural_posets_by_size": {
    "2": 2,
    "3": 7,
    "4": 40,
    "5": 357
  },
  "posets": 406,
  "ordered_pairs_checked": 3656,
  "example_I": {
    "pred": [
      0,
      1,
      3,
      3,
      0
    ],
    "E": 10,
    "C": [
      8,
      2
    ],
    "V": [
      [
        6,
        2
      ],
      [
        2,
        0
      ]
    ],
    "release_counts": {
      "1": 6
    },
    "comparison_counts_before_b": {
      "1": 6
    }
  },
  "example_II": {
    "pred": [
      0,
      1,
      1,
      7,
      0
    ],
    "E": 10,
    "C": [
      8,
      2
    ],
    "V": [
      [
        6,
        2
      ],
      [
        2,
        0
      ]
    ],
    "release_counts": {
      "1": 3,
      "2": 3
    },
    "comparison_counts_before_b": {
      "1": 5,
      "2": 5
    }
  }
}
