PROFILE PASS n7c00-primal full masks 32
PROFILE PASS n7c00-dual full masks 32
PROFILE PASS n8c01-primal full masks 128
PROFILE PASS n8c01-dual full masks 128
PROFILE PASS n8c02-primal full masks 128
PROFILE PASS n8c02-dual full masks 128
PROFILE PASS n8c03-primal full masks 512
PROFILE PASS n8c03-dual full masks 64
PROFILE PASS n8c04-primal full masks 64
PROFILE PASS n8c04-dual full masks 512
PROFILE PASS n8c05-primal full masks 256
PROFILE PASS n8c05-dual full masks 128
PROFILE PASS n8c06-primal full masks 128
PROFILE PASS n8c06-dual full masks 256
PROFILE PASS n8c07-primal full masks 256
PROFILE PASS n8c07-dual full masks 256
PROFILE PASS n8c08-primal full masks 128
PROFILE PASS n8c08-dual full masks 128
PROFILE PASS n8c09-primal full masks 256
PROFILE PASS n8c09-dual full masks 256
PROFILE PASS n8c10-primal full masks 256
PROFILE PASS n8c10-dual full masks 128
PROFILE PASS n8c11-primal full masks 128
PROFILE PASS n8c11-dual full masks 128
PROFILE PASS n8c12-primal full masks 512
PROFILE PASS n8c12-dual full masks 512
PROFILE PASS n8c13-primal full masks 512
PROFILE PASS n8c13-dual full masks 256
PROFILE PASS n8c14-primal full masks 256
PROFILE PASS n8c14-dual full masks 256
PROFILE PASS n8c15-primal full masks 256
PROFILE PASS n8c15-dual full masks 512
PROFILE PASS n8c16-primal full masks 256
PROFILE PASS n8c16-dual full masks 256
PROFILE PASS n8c17-primal full masks 128
PROFILE PASS n8c17-dual full masks 256
{
  "profiles": 36,
  "fixed_profiles": 34,
  "adaptive_profiles": [
    "n8c13-dual",
    "n8c15-primal"
  ],
  "selected_cells": 76,
  "full_menu_masks": 8384,
  "persistent_cycle_profiles": [
    "n7c00-primal",
    "n7c00-dual",
    "n8c01-primal",
    "n8c01-dual",
    "n8c03-dual",
    "n8c04-primal",
    "n8c05-primal",
    "n8c05-dual",
    "n8c06-primal",
    "n8c06-dual",
    "n8c08-primal",
    "n8c08-dual",
    "n8c09-primal",
    "n8c10-primal",
    "n8c10-dual",
    "n8c11-primal",
    "n8c11-dual",
    "n8c14-dual",
    "n8c16-primal",
    "n8c16-dual",
    "n8c17-primal",
    "n8c17-dual"
  ],
  "acyclic_ordinal_completion_profiles": [
    "n8c02-primal",
    "n8c02-dual",
    "n8c07-primal",
    "n8c07-dual",
    "n8c12-primal",
    "n8c12-dual",
    "n8c13-primal",
    "n8c13-dual",
    "n8c15-primal",
    "n8c15-dual"
  ],
  "no_witness_in_author_bounded_test_profiles": [
    "n8c03-primal",
    "n8c04-dual",
    "n8c09-dual",
    "n8c14-primal"
  ]
}
FIXED FAILURE STRUCTURES [
  {
    "comparability_connected": true,
    "incomparability_connected": true,
    "proper_nonchain_module_witnesses": [],
    "proper_chain_modules": [],
    "automorphism_count": 1,
    "nonidentity_automorphism": null,
    "width": 3,
    "height": 4,
    "maximum_incomparability_degree": 5,
    "minima": [
      0,
      1
    ],
    "maxima": [
      7,
      8
    ],
    "cover_graph_forest": false,
    "full_forced_topological_order": null,
    "very_good_pairs": [
      [],
      [
        [
          7,
          8
        ]
      ]
    ],
    "passes_requested_structural_funnel": false
  },
  {
    "comparability_connected": true,
    "incomparability_connected": true,
    "proper_nonchain_module_witnesses": [],
    "proper_chain_modules": [
      [
        8,
        9
      ],
      [
        8,
        9,
        10
      ],
      [
        8,
        9,
        10,
        11
      ],
      [
        8,
        9,
        10,
        11,
        12
      ],
      [
        8,
        9,
        10,
        11,
        12,
        13
      ],
      [
        8,
        9,
        10,
        11,
        12,
        13,
        14
      ],
      [
        8,
        9,
        10,
        11,
        12,
        13,
        14,
        15
      ],
      [
        8,
        9,
        10,
        11,
        12,
        13,
        14,
        15,
        16
      ],
      [
        8,
        9,
        10,
        11,
        12,
        13,
        14,
        15,
        16,
        17
      ],
      [
        8,
        9,
        10,
        11,
        12,
        13,
        14,
        15,
        16,
        17,
        18
      ],
      [
        8,
        9,
        10,
        11,
        12,
        13,
        14,
        15,
        16,
        17,
        18,
        19
      ],
      [
        8,
        9,
        10,
        11,
        12,
        13,
        14,
        15,
        16,
        17,
        18,
        19,
        20
      ],
      [
        8,
        9,
        10,
        11,
        12,
        13,
        14,
        15,
        16,
        17,
        18,
        19,
        20,
        21
      ],
      [
        8,
        9,
        10,
        11,
        12,
        13,
        14,
        15,
        16,
        17,
        18,
        19,
        20,
        21,
        22
      ],
      [
        9,
        10
      ],
      [
        9,
        10,
        11
      ],
      [
        9,
        10,
        11,
        12
      ],
      [
        9,
        10,
        11,
        12,
        13
      ],
      [
        9,
        10,
        11,
        12,
        13,
        14
      ],
      [
        9,
        10,
        11,
        12,
        13,
        14,
        15
      ],
      [
        9,
        10,
        11,
        12,
        13,
        14,
        15,
        16
      ],
      [
        9,
        10,
        11,
        12,
        13,
        14,
        15,
        16,
        17
      ],
      [
        9,
        10,
        11,
        12,
        13,
        14,
        15,
        16,
        17,
        18
      ],
      [
        9,
        10,
        11,
        12,
        13,
        14,
        15,
        16,
        17,
        18,
        19
      ],
      [
        9,
        10,
        11,
        12,
        13,
        14,
        15,
        16,
        17,
        18,
        19,
        20
      ],
      [
        9,
        10,
        11,
        12,
        13,
        14,
        15,
        16,
        17,
        18,
        19,
        20,
        21
      ],
      [
        9,
        10,
        11,
        12,
        13,
        14,
        15,
        16,
        17,
        18,
        19,
        20,
        21,
        22
      ],
      [
        10,
        11
      ],
      [
        10,
        11,
        12
      ],
      [
        10,
        11,
        12,
        13
      ],
      [
        10,
        11,
        12,
        13,
        14
      ],
      [
        10,
        11,
        12,
        13,
        14,
        15
      ],
      [
        10,
        11,
        12,
        13,
        14,
        15,
        16
      ],
      [
        10,
        11,
        12,
        13,
        14,
        15,
        16,
        17
      ],
      [
        10,
        11,
        12,
        13,
        14,
        15,
        16,
        17,
        18
      ],
      [
        10,
        11,
        12,
        13,
        14,
        15,
        16,
        17,
        18,
        19
      ],
      [
        10,
        11,
        12,
        13,
        14,
        15,
        16,
        17,
        18,
        19,
        20
      ],
      [
        10,
        11,
        12,
        13,
        14,
        15,
        16,
        17,
        18,
        19,
        20,
        21
      ],
      [
        10,
        11,
        12,
        13,
        14,
        15,
        16,
        17,
        18,
        19,
        20,
        21,
        22
      ],
      [
        11,
        12
      ],
      [
        11,
        12,
        13
      ],
      [
        11,
        12,
        13,
        14
      ],
      [
        11,
        12,
        13,
        14,
        15
      ],
      [
        11,
        12,
        13,
        14,
        15,
        16
      ],
      [
        11,
        12,
        13,
        14,
        15,
        16,
        17
      ],
      [
        11,
        12,
        13,
        14,
        15,
        16,
        17,
        18
      ],
      [
        11,
        12,
        13,
        14,
        15,
        16,
        17,
        18,
        19
      ],
      [
        11,
        12,
        13,
        14,
        15,
        16,
        17,
        18,
        19,
        20
      ],
      [
        11,
        12,
        13,
        14,
        15,
        16,
        17,
        18,
        19,
        20,
        21
      ],
      [
        11,
        12,
        13,
        14,
        15,
        16,
        17,
        18,
        19,
        20,
        21,
        22
      ],
      [
        12,
        13
      ],
      [
        12,
        13,
        14
      ],
      [
        12,
        13,
        14,
        15
      ],
      [
        12,
        13,
        14,
        15,
        16
      ],
      [
        12,
        13,
        14,
        15,
        16,
        17
      ],
      [
        12,
        13,
        14,
        15,
        16,
        17,
        18
      ],
      [
        12,
        13,
        14,
        15,
        16,
        17,
        18,
        19
      ],
      [
        12,
        13,
        14,
        15,
        16,
        17,
        18,
        19,
        20
      ],
      [
        12,
        13,
        14,
        15,
        16,
        17,
        18,
        19,
        20,
        21
      ],
      [
        12,
        13,
        14,
        15,
        16,
        17,
        18,
        19,
        20,
        21,
        22
      ],
      [
        13,
        14
      ],
      [
        13,
        14,
        15
      ],
      [
        13,
        14,
        15,
        16
      ],
      [
        13,
        14,
        15,
        16,
        17
      ],
      [
        13,
        14,
        15,
        16,
        17,
        18
      ],
      [
        13,
        14,
        15,
        16,
        17,
        18,
        19
      ],
      [
        13,
        14,
        15,
        16,
        17,
        18,
        19,
        20
      ],
      [
        13,
        14,
        15,
        16,
        17,
        18,
        19,
        20,
        21
      ],
      [
        13,
        14,
        15,
        16,
        17,
        18,
        19,
        20,
        21,
        22
      ],
      [
        14,
        15
      ],
      [
        14,
        15,
        16
      ],
      [
        14,
        15,
        16,
        17
      ],
      [
        14,
        15,
        16,
        17,
        18
      ],
      [
        14,
        15,
        16,
        17,
        18,
        19
      ],
      [
        14,
        15,
        16,
        17,
        18,
        19,
        20
      ],
      [
        14,
        15,
        16,
        17,
        18,
        19,
        20,
        21
      ],
      [
        14,
        15,
        16,
        17,
        18,
        19,
        20,
        21,
        22
      ],
      [
        15,
        16
      ],
      [
        15,
        16,
        17
      ],
      [
        15,
        16,
        17,
        18
      ],
      [
        15,
        16,
        17,
        18,
        19
      ],
      [
        15,
        16,
        17,
        18,
        19,
        20
      ],
      [
        15,
        16,
        17,
        18,
        19,
        20,
        21
      ],
      [
        15,
        16,
        17,
        18,
        19,
        20,
        21,
        22
      ],
      [
        16,
        17
      ],
      [
        16,
        17,
        18
      ],
      [
        16,
        17,
        18,
        19
      ],
      [
        16,
        17,
        18,
        19,
        20
      ],
      [
        16,
        17,
        18,
        19,
        20,
        21
      ],
      [
        16,
        17,
        18,
        19,
        20,
        21,
        22
      ],
      [
        17,
        18
      ],
      [
        17,
        18,
        19
      ],
      [
        17,
        18,
        19,
        20
      ],
      [
        17,
        18,
        19,
        20,
        21
      ],
      [
        17,
        18,
        19,
        20,
        21,
        22
      ],
      [
        18,
        19
      ],
      [
        18,
        19,
        20
      ],
      [
        18,
        19,
        20,
        21
      ],
      [
        18,
        19,
        20,
        21,
        22
      ],
      [
        19,
        20
      ],
      [
        19,
        20,
        21
      ],
      [
        19,
        20,
        21,
        22
      ],
      [
        20,
        21
      ],
      [
        20,
        21,
        22
      ],
      [
        21,
        22
      ]
    ],
    "automorphism_count": 1,
    "nonidentity_automorphism": null,
    "width": 3,
    "height": 19,
    "maximum_incomparability_degree": 18,
    "minima": [
      0,
      1
    ],
    "maxima": [
      4,
      22
    ],
    "cover_graph_forest": false,
    "full_forced_topological_order": [
      1,
      0,
      3,
      6,
      2,
      5,
      4,
      7,
      8,
      9,
      10,
      11,
      12,
      13,
      14,
      15,
      16,
      17,
      18,
      19,
      20,
      21,
      22
    ],
    "very_good_pairs": [
      [],
      []
    ],
    "passes_requested_structural_funnel": true
  }
]
PASS; fail-closed mutation tests: 13
