{
  "finite_caps": [
    {
      "d": 1,
      "v_cap": 3,
      "c_cap": 3,
      "ratio_at_cap": "2/7",
      "ratio_after_cap": "5/14"
    },
    {
      "d": 2,
      "v_cap": 9,
      "c_cap": 19,
      "ratio_at_cap": "19/58",
      "ratio_after_cap": "308/899"
    },
    {
      "d": 3,
      "v_cap": 29,
      "c_cap": 90,
      "ratio_at_cap": "83421/250954",
      "ratio_after_cap": "3049501/9078630"
    }
  ],
  "finite_region_t_cap": 104,
  "finite_region_order_cap": 348,
  "status": "PASS",
  "independent_DP_simplex_matches": 202,
  "structural_endpoint_vectors": 202,
  "threshold_actual_atoms": 2058,
  "actual_rank_crossings": 146,
  "actual_triangle_certificates": 52,
  "all_alpha_peak_checks": 14402,
  "exact_ratio_checks": 7500,
  "conditional_positive_mixture_checks": 162,
  "threshold_polynomials": {
    "2": {
      "threshold": 5,
      "coefficients_ascending": [
        6,
        -15,
        3
      ],
      "shifted_coefficients_ascending": [
        6,
        15,
        3
      ]
    },
    "3": {
      "threshold": 10,
      "coefficients_ascending": [
        -24,
        122,
        -141,
        13
      ],
      "shifted_coefficients_ascending": [
        96,
        1202,
        249,
        13
      ]
    },
    "4": {
      "threshold": 30,
      "coefficients_ascending": [
        120,
        -962,
        2263,
        -1642,
        53
      ],
      "shifted_coefficients_ascending": [
        603960,
        1425418,
        140683,
        4718,
        53
      ]
    }
  },
  "threshold_sharpness": [
    {
      "beta": 2,
      "preceding_n": 4,
      "alpha": 6,
      "probability": "56/165",
      "not_a_poset_counterexample": true
    },
    {
      "beta": 3,
      "preceding_n": 9,
      "alpha": 24,
      "probability": "1755/5236",
      "not_a_poset_counterexample": true
    },
    {
      "beta": 4,
      "preceding_n": 29,
      "alpha": 112,
      "probability": "1432049/4294719",
      "not_a_poset_counterexample": true
    }
  ],
  "triangle_small_k_coefficients": [
    {
      "0": "3480",
      "1": "524",
      "2": "52"
    },
    {
      "0": "3492",
      "1": "-30",
      "2": "42"
    },
    {
      "0": "2688",
      "1": "-450",
      "2": "66"
    },
    {
      "0": "1632",
      "1": "-532",
      "2": "124"
    },
    {
      "0": "1296",
      "1": "-72",
      "2": "216"
    }
  ],
  "triangle_shifted_coefficients": {
    "(0, 0)": "3060",
    "(0, 1)": "1134",
    "(0, 2)": "342",
    "(1, 0)": "3376",
    "(1, 1)": "1647",
    "(1, 2)": "143",
    "(2, 0)": "1927",
    "(2, 1)": "475",
    "(2, 2)": "17",
    "(3, 0)": "332",
    "(3, 1)": "34",
    "(4, 0)": "17"
  },
  "outer_singleton_corollary_caps": {
    "u,v": [
      2,
      3
    ],
    "c_given_v2": 2,
    "c_given_v3": 3,
    "b_given_u2": 2,
    "b_given_u3": 3
  },
  "checks_use_assert": false,
  "scope": "Finite exact implementation verification; unbounded proof and dependency review in AUDIT.md."
}
